{"datetime": "2022-12-31 08:26:03", "message": "connection connection success"}
{"datetime": "2023-01-12 08:26:03", "message": "timeout server"}
{"datetime": "2023-10-30 08:26:03", "message": "connection database user success success"}
{"datetime": "2023-07-26 08:26:03", "message": "client success process timeout"}
{"datetime": "2023-12-02 08:26:03", "message": "update success database"}
{"datetime": "2023-03-21 08:26:03", "message": "connection client connection update"}
{"datetime": "2023-05-14 08:26:03", "message": "database client error connection timeout"}
{"datetime": "2023-04-28 08:26:03", "message": "success server process update error"}
{"datetime": "2023-09-12 08:26:03", "message": "error connection error connection"}
{"datetime": "2023-11-24 08:26:03", "message": "timeout client server timeout success"}
{"datetime": "2023-04-30 08:26:03", "message": "process client"}
{"datetime": "2023-12-24 08:26:03", "message": "connection timeout"}
{"datetime": "2023-10-17 08:26:03", "message": "timeout client"}
{"datetime": "2023-11-30 08:26:03", "message": "client timeout success success process"}
{"datetime": "2023-03-08 08:26:03", "message": "client error"}
{"datetime": "2023-08-16 08:26:03", "message": "connection client connection timeout"}
{"datetime": "2023-03-30 08:26:03", "message": "connection update client connection"}
{"datetime": "2023-01-25 08:26:03", "message": "process success timeout"}
{"datetime": "2023-05-08 08:26:03", "message": "error user success client"}
{"datetime": "2023-03-30 08:26:03", "message": "database connection connection process connection"}
{"datetime": "2023-09-16 08:26:03", "message": "process server server connection error"}
{"datetime": "2023-08-25 08:26:03", "message": "user success database client"}
{"datetime": "2023-07-31 08:26:03", "message": "connection timeout connection timeout success"}
{"datetime": "2023-05-16 08:26:03", "message": "connection error update process error"}
{"datetime": "2023-09-19 08:26:03", "message": "client update server server"}
{"datetime": "2023-07-26 08:26:03", "message": "process client success"}
{"datetime": "2023-09-06 08:26:03", "message": "success update"}
{"datetime": "2023-06-08 08:26:03", "message": "success timeout server timeout error"}
{"datetime": "2023-10-11 08:26:03", "message": "server server client timeout"}
{"datetime": "2023-03-27 08:26:03", "message": "client server timeout connection success"}
{"datetime": "2023-12-24 08:26:03", "message": "error timeout error client process"}
{"datetime": "2023-07-23 08:26:03", "message": "update server success client process"}
{"datetime": "2023-01-23 08:26:03", "message": "success success success"}
{"datetime": "2023-06-25 08:26:03", "message": "timeout update connection server success"}
{"datetime": "2023-01-15 08:26:03", "message": "server user user database"}
{"datetime": "2023-01-22 08:26:03", "message": "timeout timeout"}
{"datetime": "2023-03-08 08:26:03", "message": "client client connection timeout"}
{"datetime": "2023-04-01 08:26:03", "message": "user process"}
{"datetime": "2023-03-31 08:26:03", "message": "connection connection client"}
{"datetime": "2023-09-01 08:26:03", "message": "success success success database success"}
{"datetime": "2023-03-10 08:26:03", "message": "timeout process server"}
{"datetime": "2023-02-22 08:26:03", "message": "error user user update error"}
{"datetime": "2023-07-03 08:26:03", "message": "error error user success"}
{"datetime": "2023-12-15 08:26:03", "message": "database update error error"}
{"datetime": "2023-06-21 08:26:03", "message": "update database database"}
{"datetime": "2023-07-24 08:26:03", "message": "database update database server"}
{"datetime": "2023-01-12 08:26:03", "message": "success process database update"}
{"datetime": "2023-02-25 08:26:03", "message": "database success success error error"}
{"datetime": "2023-03-16 08:26:03", "message": "update update"}
{"datetime": "2023-01-30 08:26:03", "message": "update timeout process timeout"}
{"datetime": "2023-05-05 08:26:03", "message": "error client success connection"}
{"datetime": "2023-02-06 08:26:03", "message": "server server success error"}
{"datetime": "2023-07-08 08:26:03", "message": "user process database client"}
{"datetime": "2023-04-19 08:26:03", "message": "connection user success error"}
{"datetime": "2023-08-20 08:26:03", "message": "user success"}
{"datetime": "2023-08-20 08:26:03", "message": "user hello success"}
{"datetime": "2023-03-23 08:26:03", "message": "process database"}
{"datetime": "2023-04-18 08:26:03", "message": "connection user error"}
{"datetime": "2023-04-18 08:26:03", "message": "hello world"}
{"datetime": "2023-10-29 08:26:03", "message": "database update database timeout"}
{"datetime": "2023-11-19 08:26:03", "message": "success database"}
{"datetime": "2023-11-20 08:26:03", "message": "client connection user"}
{"datetime": "2023-09-02 08:26:03", "message": "update database user update"}
{"datetime": "2023-06-02 08:26:03", "message": "process database user user"}
{"datetime": "2023-11-14 08:26:03", "message": "success user connection timeout user"}
{"datetime": "2023-11-09 08:26:03", "message": "server user error timeout"}
{"datetime": "2023-03-28 08:26:03", "message": "connection database process update"}
{"datetime": "2023-03-31 08:26:03", "message": "success process process server server"}
{"datetime": "2023-08-25 08:26:03", "message": "process error"}
{"datetime": "2023-09-04 08:26:03", "message": "timeout server timeout user connection"}
{"datetime": "2023-07-29 08:26:03", "message": "client update user"}
{"datetime": "2023-08-24 08:26:03", "message": "timeout connection"}
{"datetime": "2023-09-10 08:26:03", "message": "success database success process"}
{"datetime": "2023-11-27 08:26:03", "message": "database server"}
{"datetime": "2023-07-29 08:26:03", "message": "success success database update database"}
{"datetime": "2023-11-10 08:26:03", "message": "connection process update database"}
{"datetime": "2023-07-29 08:26:03", "message": "server timeout"}
{"datetime": "2023-03-22 08:26:03", "message": "error timeout"}
{"datetime": "2023-05-25 08:26:03", "message": "update timeout success"}
{"datetime": "2023-07-19 08:26:03", "message": "timeout update"}
{"datetime": "2023-09-27 08:26:03", "message": "connection success user process process"}
{"datetime": "2023-05-26 08:26:03", "message": "timeout user user server database"}
{"datetime": "2023-03-15 08:26:03", "message": "database database process"}
{"datetime": "2023-11-24 08:26:03", "message": "database server server client"}
{"datetime": "2023-03-03 08:26:03", "message": "process server database server"}
{"datetime": "2023-06-22 08:26:03", "message": "success error"}
{"datetime": "2023-03-14 08:26:03", "message": "update error connection client update"}
{"datetime": "2023-05-10 08:26:03", "message": "server success update server server"}
{"datetime": "2023-10-13 08:26:03", "message": "timeout connection server process success"}
{"datetime": "2023-05-15 08:26:03", "message": "user update timeout success"}
{"datetime": "2023-02-09 08:26:03", "message": "connection database"}
{"datetime": "2023-10-10 08:26:03", "message": "server update timeout connection client"}
{"datetime": "2023-12-22 08:26:03", "message": "update update update"}
{"datetime": "2023-07-02 08:26:03", "message": "timeout connection client timeout"}
{"datetime": "2023-10-24 08:26:03", "message": "process success connection process client"}
{"datetime": "2023-09-12 08:26:03", "message": "connection error timeout user user"}
{"datetime": "2023-01-24 08:26:03", "message": "connection user user success server"}
{"datetime": "2023-07-26 08:26:03", "message": "database process update"}
{"datetime": "2023-04-01 08:26:03", "message": "success timeout client"}
{"datetime": "2023-06-27 08:26:03", "message": "connection error"}
{"datetime": "2023-12-28 08:26:03", "message": "timeout user"}
{"datetime": "2023-07-11 08:26:03", "message": "success server"}
{"datetime": "2023-09-19 08:26:03", "message": "timeout server user"}
{"datetime": "2023-03-29 08:26:03", "message": "process user timeout"}
{"datetime": "2023-10-05 08:26:03", "message": "success user connection error connection"}
{"datetime": "2023-05-03 08:26:03", "message": "connection client server"}
{"datetime": "2023-03-14 08:26:03", "message": "process server process"}
{"datetime": "2023-03-26 08:26:03", "message": "update client user"}
{"datetime": "2023-04-20 08:26:03", "message": "update error timeout"}
{"datetime": "2023-08-27 08:26:03", "message": "process success"}
{"datetime": "2023-11-22 08:26:03", "message": "database timeout database error database"}
{"datetime": "2023-05-29 08:26:03", "message": "connection process"}
{"datetime": "2023-04-07 08:26:03", "message": "success user user error success"}
{"datetime": "2023-06-24 08:26:03", "message": "database update server update server"}
{"datetime": "2023-03-31 08:26:03", "message": "update error user"}
{"datetime": "2023-04-28 08:26:03", "message": "client connection user"}
{"datetime": "2023-10-31 08:26:03", "message": "server update"}
{"datetime": "2023-05-21 08:26:03", "message": "timeout success success client"}
{"datetime": "2023-03-24 08:26:03", "message": "client server"}
{"datetime": "2023-12-23 08:26:03", "message": "process error connection database"}
{"datetime": "2023-05-06 08:26:03", "message": "connection success"}
{"datetime": "2023-03-18 08:26:03", "message": "database user server"}
{"datetime": "2023-08-31 08:26:03", "message": "database process"}
{"datetime": "2023-09-07 08:26:03", "message": "timeout success connection"}
{"datetime": "2023-04-27 08:26:03", "message": "process success server success"}
{"datetime": "2023-02-09 08:26:03", "message": "update process user success"}
{"datetime": "2023-07-10 08:26:03", "message": "database user success timeout database"}
{"datetime": "2023-03-05 08:26:03", "message": "update success database update success"}
{"datetime": "2023-04-11 08:26:03", "message": "database client client server"}
{"datetime": "2023-12-09 08:26:03", "message": "server update user success timeout"}
{"datetime": "2023-10-05 08:26:03", "message": "error user"}
{"datetime": "2023-05-31 08:26:03", "message": "client connection process"}
{"datetime": "2023-08-24 08:26:03", "message": "process success error update"}
{"datetime": "2023-11-23 08:26:03", "message": "error success user database"}
{"datetime": "2023-01-27 08:26:03", "message": "timeout timeout user"}
{"datetime": "2023-04-19 08:26:03", "message": "error database database success update"}
{"datetime": "2023-01-18 08:26:03", "message": "server user timeout error"}
{"datetime": "2023-04-24 08:26:03", "message": "update process"}
{"datetime": "2023-12-30 08:26:03", "message": "database server timeout timeout timeout"}
{"datetime": "2023-05-29 08:26:03", "message": "connection user success connection user"}
{"datetime": "2023-02-16 08:26:03", "message": "client success timeout process"}
{"datetime": "2023-10-25 08:26:03", "message": "process process process success error"}
{"datetime": "2023-12-29 08:26:03", "message": "success timeout server update connection"}
{"datetime": "2023-07-25 08:26:03", "message": "error server timeout update"}
{"datetime": "2023-11-10 08:26:03", "message": "server error"}
{"datetime": "2023-02-28 08:26:03", "message": "update user client timeout connection"}
{"datetime": "2023-01-09 08:26:03", "message": "error client error update error"}
{"datetime": "2023-04-18 08:26:03", "message": "process database"}
{"datetime": "2023-02-23 08:26:03", "message": "success client process connection update"}
{"datetime": "2023-02-25 08:26:03", "message": "error user client user timeout"}
{"datetime": "2023-08-19 08:26:03", "message": "update database"}
{"datetime": "2023-10-03 08:26:03", "message": "user database server client"}
{"datetime": "2023-04-19 08:26:03", "message": "update user"}
{"datetime": "2023-01-31 08:26:03", "message": "success client timeout error database"}
{"datetime": "2023-12-02 08:26:03", "message": "connection error success server database"}
{"datetime": "2023-02-06 08:26:03", "message": "user timeout timeout update error"}
{"datetime": "2023-06-16 08:26:03", "message": "process timeout user"}
{"datetime": "2023-05-09 08:26:03", "message": "database success connection update connection"}
{"datetime": "2023-02-17 08:26:03", "message": "database connection server success"}
{"datetime": "2023-10-18 08:26:03", "message": "server timeout"}
{"datetime": "2023-04-11 08:26:03", "message": "process error timeout timeout"}
{"datetime": "2023-06-02 08:26:03", "message": "timeout timeout process timeout"}
{"datetime": "2023-12-23 08:26:03", "message": "client update"}
{"datetime": "2023-10-20 08:26:03", "message": "server user server timeout"}
{"datetime": "2023-11-21 08:26:03", "message": "success user update connection"}
{"datetime": "2023-09-28 08:26:03", "message": "error update success"}
{"datetime": "2023-09-28 08:26:03", "message": "process connection error server connection"}
{"datetime": "2023-04-25 08:26:03", "message": "server process"}
{"datetime": "2023-04-23 08:26:03", "message": "update client process"}
{"datetime": "2023-04-27 08:26:03", "message": "timeout user update"}
{"datetime": "2023-03-22 08:26:03", "message": "connection connection success update"}
{"datetime": "2023-02-28 08:26:03", "message": "connection update"}
{"datetime": "2023-09-25 08:26:03", "message": "connection timeout connection error timeout"}
{"datetime": "2023-07-31 08:26:03", "message": "database client timeout client"}
{"datetime": "2023-01-13 08:26:03", "message": "update user server client"}
{"datetime": "2023-07-13 08:26:03", "message": "client server error"}
{"datetime": "2023-04-17 08:26:03", "message": "user user client"}
{"datetime": "2023-08-13 08:26:03", "message": "user user process"}
{"datetime": "2023-09-18 08:26:03", "message": "process process database update"}
{"datetime": "2023-04-14 08:26:03", "message": "success error process server"}
{"datetime": "2023-03-29 08:26:03", "message": "user error"}
{"datetime": "2023-05-24 08:26:03", "message": "update user success client"}
{"datetime": "2023-12-22 08:26:03", "message": "error client server timeout error"}
{"datetime": "2023-04-22 08:26:03", "message": "user user"}
{"datetime": "2023-01-07 08:26:03", "message": "connection client client process"}
{"datetime": "2023-06-11 08:26:03", "message": "success process success"}
{"datetime": "2023-11-30 08:26:03", "message": "server timeout"}
{"datetime": "2023-10-05 08:26:03", "message": "user process success server"}
{"datetime": "2023-07-29 08:26:03", "message": "timeout server"}
{"datetime": "2023-07-14 08:26:03", "message": "process client connection error process"}
{"datetime": "2023-07-19 08:26:03", "message": "update server connection update"}
{"datetime": "2023-03-23 08:26:03", "message": "timeout success error"}
{"datetime": "2023-04-24 08:26:03", "message": "connection process"}
{"datetime": "2023-01-09 08:26:03", "message": "connection client timeout database connection"}
{"datetime": "2023-04-14 08:26:03", "message": "server update"}
{"datetime": "2023-12-28 08:26:03", "message": "timeout client user success update"}
{"datetime": "2023-04-13 08:26:03", "message": "connection user process user"}
{"datetime": "2023-06-23 08:26:03", "message": "timeout server"}
{"datetime": "2023-08-06 08:26:03", "message": "user process"}
{"datetime": "2023-03-15 08:26:03", "message": "client update success database"}
{"datetime": "2023-09-26 08:26:03", "message": "client update process timeout"}
{"datetime": "2023-11-19 08:26:03", "message": "connection timeout process"}
{"datetime": "2023-04-19 08:26:03", "message": "server update success database update"}
{"datetime": "2023-01-08 08:26:03", "message": "error connection database update"}
{"datetime": "2023-02-25 08:26:03", "message": "connection timeout client"}
{"datetime": "2023-03-08 08:26:03", "message": "connection update"}
{"datetime": "2023-04-02 08:26:03", "message": "update connection"}
{"datetime": "2023-02-05 08:26:03", "message": "error database database user success"}
{"datetime": "2023-07-25 08:26:03", "message": "client database"}
{"datetime": "2023-05-06 08:26:03", "message": "timeout process success client"}
{"datetime": "2023-04-02 08:26:03", "message": "server success error client"}
{"datetime": "2023-03-21 08:26:03", "message": "error user update success server"}
{"datetime": "2023-03-10 08:26:03", "message": "process server user timeout"}
{"datetime": "2023-09-23 08:26:03", "message": "process database connection success"}
{"datetime": "2023-03-29 08:26:03", "message": "error client error"}
{"datetime": "2023-03-19 08:26:03", "message": "timeout success success process"}
{"datetime": "2023-03-11 08:26:03", "message": "error connection"}
{"datetime": "2023-06-28 08:26:03", "message": "update update"}
{"datetime": "2023-08-21 08:26:03", "message": "error server client"}
{"datetime": "2023-08-16 08:26:03", "message": "client server client"}
{"datetime": "2023-06-26 08:26:03", "message": "update error timeout update database"}
{"datetime": "2023-02-08 08:26:03", "message": "connection database"}
{"datetime": "2023-02-27 08:26:03", "message": "timeout user success success"}
{"datetime": "2023-08-07 08:26:03", "message": "user process timeout timeout"}
{"datetime": "2023-02-05 08:26:03", "message": "timeout user server server"}
{"datetime": "2023-01-17 08:26:03", "message": "update connection"}
{"datetime": "2023-12-29 08:26:03", "message": "process server success client client"}
{"datetime": "2023-09-20 08:26:03", "message": "database user timeout"}
{"datetime": "2023-01-18 08:26:03", "message": "update connection success database"}
{"datetime": "2023-02-21 08:26:03", "message": "timeout timeout user timeout server"}
{"datetime": "2023-04-01 08:26:03", "message": "process update update"}
{"datetime": "2023-11-25 08:26:03", "message": "server process"}
{"datetime": "2023-04-22 08:26:03", "message": "success process client update client"}
{"datetime": "2023-01-07 08:26:03", "message": "server connection client"}
{"datetime": "2023-09-09 08:26:03", "message": "client process update success"}
{"datetime": "2023-09-08 08:26:03", "message": "database timeout user error"}
{"datetime": "2023-08-08 08:26:03", "message": "database client"}
{"datetime": "2023-10-25 08:26:03", "message": "success update client connection"}
{"datetime": "2023-08-31 08:26:03", "message": "update timeout user success database"}
{"datetime": "2023-03-28 08:26:03", "message": "update error"}
{"datetime": "2023-10-04 08:26:03", "message": "update success server timeout client"}
{"datetime": "2023-12-06 08:26:03", "message": "success connection user"}
{"datetime": "2023-12-04 08:26:03", "message": "connection client update"}
{"datetime": "2023-10-26 08:26:03", "message": "error timeout"}
{"datetime": "2023-03-04 08:26:03", "message": "database process update"}
{"datetime": "2023-10-30 08:26:03", "message": "client process process update"}
{"datetime": "2023-06-14 08:26:03", "message": "success client database timeout database"}
{"datetime": "2023-02-03 08:26:03", "message": "connection user connection server"}
{"datetime": "2023-06-11 08:26:03", "message": "process server process timeout success"}
{"datetime": "2023-12-14 08:26:03", "message": "server success"}
{"datetime": "2023-12-31 08:26:03", "message": "success timeout process process server"}
{"datetime": "2023-07-07 08:26:03", "message": "client user user database connection"}
{"datetime": "2023-10-18 08:26:03", "message": "server process update"}
{"datetime": "2023-04-24 08:26:03", "message": "process user"}
{"datetime": "2023-02-04 08:26:03", "message": "server database connection user"}
{"datetime": "2023-02-15 08:26:03", "message": "database database"}
{"datetime": "2023-04-24 08:26:03", "message": "server success connection connection"}
{"datetime": "2023-03-10 08:26:03", "message": "server database connection timeout client"}
{"datetime": "2023-07-01 08:26:03", "message": "error success success"}
{"datetime": "2023-08-22 08:26:03", "message": "timeout client"}
{"datetime": "2023-07-22 08:26:03", "message": "connection error database process success"}
{"datetime": "2023-06-30 08:26:03", "message": "success update client"}
{"datetime": "2023-01-06 08:26:03", "message": "timeout timeout update database"}
{"datetime": "2023-08-31 08:26:03", "message": "error update timeout"}
{"datetime": "2023-02-18 08:26:03", "message": "timeout timeout timeout database"}
{"datetime": "2023-02-16 08:26:03", "message": "connection success client"}
{"datetime": "2023-03-15 08:26:03", "message": "timeout success"}
{"datetime": "2023-02-04 08:26:03", "message": "user timeout"}
{"datetime": "2023-11-14 08:26:03", "message": "server process"}
{"datetime": "2023-05-25 08:26:03", "message": "user user"}
{"datetime": "2023-07-08 08:26:03", "message": "client process"}
{"datetime": "2023-09-18 08:26:03", "message": "timeout timeout connection database error"}
{"datetime": "2023-02-20 08:26:03", "message": "update server"}
{"datetime": "2023-06-22 08:26:03", "message": "connection server"}
{"datetime": "2023-08-03 08:26:03", "message": "timeout update database"}
{"datetime": "2023-03-24 08:26:03", "message": "database database server"}
{"datetime": "2023-08-29 08:26:03", "message": "user server client database update"}
{"datetime": "2023-04-20 08:26:03", "message": "process process connection"}
{"datetime": "2023-07-04 08:26:03", "message": "database database process"}
{"datetime": "2023-08-17 08:26:03", "message": "process success"}
{"datetime": "2023-08-03 08:26:03", "message": "timeout process client success"}
{"datetime": "2023-02-27 08:26:03", "message": "client process update"}
{"datetime": "2023-06-11 08:26:03", "message": "process user success error database"}
{"datetime": "2023-11-06 08:26:03", "message": "database update"}
{"datetime": "2023-07-25 08:26:03", "message": "process connection success"}
{"datetime": "2023-09-03 08:26:03", "message": "connection database database success"}
{"datetime": "2023-09-05 08:26:03", "message": "process database"}
{"datetime": "2023-06-12 08:26:03", "message": "update process"}
{"datetime": "2023-11-28 08:26:03", "message": "success connection connection update database"}
{"datetime": "2023-02-04 08:26:03", "message": "database timeout database connection"}
{"datetime": "2023-09-07 08:26:03", "message": "user user client database error"}
{"datetime": "2023-04-23 08:26:03", "message": "update user update process"}
{"datetime": "2023-09-05 08:26:03", "message": "client timeout user"}
{"datetime": "2023-06-09 08:26:03", "message": "client connection"}
{"datetime": "2023-03-06 08:26:03", "message": "connection database error"}
{"datetime": "2023-02-08 08:26:03", "message": "error process"}
{"datetime": "2023-10-11 08:26:03", "message": "update error update"}
{"datetime": "2023-05-16 08:26:03", "message": "server success database timeout"}
{"datetime": "2023-03-23 08:26:03", "message": "update client error update user"}
{"datetime": "2023-12-19 08:26:03", "message": "client success connection"}
{"datetime": "2023-04-29 08:26:03", "message": "database user"}
{"datetime": "2023-08-25 08:26:03", "message": "user database"}
{"datetime": "2023-09-14 08:26:03", "message": "timeout server connection"}
{"datetime": "2023-06-23 08:26:03", "message": "timeout connection connection connection server"}
{"datetime": "2023-02-17 08:26:03", "message": "database update"}
{"datetime": "2023-10-03 08:26:03", "message": "success user server user timeout"}
{"datetime": "2023-05-26 08:26:03", "message": "success success server connection"}
{"datetime": "2023-05-10 08:26:03", "message": "update database update"}
{"datetime": "2023-06-26 08:26:03", "message": "process update user timeout database"}
{"datetime": "2023-02-23 08:26:03", "message": "user error database timeout"}
{"datetime": "2023-03-24 08:26:03", "message": "user server user"}
{"datetime": "2023-01-12 08:26:03", "message": "process connection success update"}
{"datetime": "2023-10-23 08:26:03", "message": "connection error database timeout success"}
{"datetime": "2023-09-12 08:26:03", "message": "user user client"}
{"datetime": "2023-08-04 08:26:03", "message": "process database user success client"}
{"datetime": "2023-11-09 08:26:03", "message": "server timeout server"}
{"datetime": "2023-06-16 08:26:03", "message": "connection process process timeout"}
{"datetime": "2023-08-28 08:26:03", "message": "error process server user"}
{"datetime": "2023-09-01 08:26:03", "message": "timeout timeout"}
{"datetime": "2023-10-22 08:26:03", "message": "timeout server error connection"}
{"datetime": "2023-04-16 08:26:03", "message": "client database server timeout"}
{"datetime": "2023-10-26 08:26:03", "message": "client connection server update"}
{"datetime": "2023-04-08 08:26:03", "message": "process database"}
{"datetime": "2023-09-12 08:26:03", "message": "server process client"}
{"datetime": "2023-05-07 08:26:03", "message": "user user timeout connection server"}
{"datetime": "2023-07-10 08:26:03", "message": "connection error user"}
{"datetime": "2023-10-05 08:26:03", "message": "timeout client"}
{"datetime": "2023-08-29 08:26:03", "message": "update connection connection"}
{"datetime": "2023-10-08 08:26:03", "message": "update error timeout timeout"}
{"datetime": "2023-12-31 08:26:03", "message": "connection error client"}
{"datetime": "2023-03-24 08:26:03", "message": "error error"}
{"datetime": "2023-09-06 08:26:03", "message": "user update database"}
{"datetime": "2023-09-20 08:26:03", "message": "client timeout user update"}
{"datetime": "2023-09-05 08:26:03", "message": "success server client"}
{"datetime": "2023-01-21 08:26:03", "message": "database connection connection update server"}
{"datetime": "2023-06-01 08:26:03", "message": "client process server"}
{"datetime": "2023-12-04 08:26:03", "message": "success database process error"}
{"datetime": "2023-11-04 08:26:03", "message": "success database"}
{"datetime": "2023-02-23 08:26:03", "message": "success update user"}
{"datetime": "2023-10-10 08:26:03", "message": "error timeout"}
{"datetime": "2023-05-15 08:26:03", "message": "success timeout server"}
{"datetime": "2023-11-25 08:26:03", "message": "server timeout"}
{"datetime": "2023-05-31 08:26:03", "message": "user connection"}
{"datetime": "2023-04-17 08:26:03", "message": "client database process database"}
{"datetime": "2023-02-03 08:26:03", "message": "database client"}
{"datetime": "2023-01-19 08:26:03", "message": "user error process server"}
{"datetime": "2023-07-27 08:26:03", "message": "connection database update"}
{"datetime": "2023-10-08 08:26:03", "message": "client connection success update success"}
{"datetime": "2023-09-24 08:26:03", "message": "user server"}
{"datetime": "2023-05-28 08:26:03", "message": "connection database client database update"}
{"datetime": "2023-10-15 08:26:03", "message": "client success database database"}
{"datetime": "2023-01-28 08:26:03", "message": "client client success"}
{"datetime": "2023-08-30 08:26:03", "message": "success server connection server database"}
{"datetime": "2023-10-18 08:26:03", "message": "update connection timeout"}
{"datetime": "2023-06-20 08:26:03", "message": "connection user process error"}
{"datetime": "2023-07-31 08:26:03", "message": "update process connection process process"}
{"datetime": "2023-04-09 08:26:03", "message": "update process database"}
{"datetime": "2023-09-15 08:26:03", "message": "server error error process"}
{"datetime": "2023-09-15 08:26:03", "message": "error error database client"}
{"datetime": "2023-01-24 08:26:03", "message": "client update"}
{"datetime": "2023-04-04 08:26:03", "message": "process error server error error"}
{"datetime": "2023-04-19 08:26:03", "message": "success update timeout timeout error"}
{"datetime": "2023-04-17 08:26:03", "message": "connection server timeout success"}
{"datetime": "2023-03-28 08:26:03", "message": "process database"}
{"datetime": "2023-12-23 08:26:03", "message": "error database"}
{"datetime": "2023-12-01 08:26:03", "message": "user server"}
{"datetime": "2023-11-16 08:26:03", "message": "client timeout"}
{"datetime": "2023-01-01 08:26:03", "message": "server success process"}
{"datetime": "2023-12-24 08:26:03", "message": "connection client user success update"}
{"datetime": "2023-10-14 08:26:03", "message": "timeout connection error"}
{"datetime": "2023-03-01 08:26:03", "message": "success success"}
{"datetime": "2023-06-25 08:26:03", "message": "timeout update database"}
{"datetime": "2023-01-18 08:26:03", "message": "client update database server"}
{"datetime": "2023-03-07 08:26:03", "message": "process database"}
{"datetime": "2023-07-08 08:26:03", "message": "update user"}
{"datetime": "2023-03-10 08:26:03", "message": "process timeout database timeout server"}
{"datetime": "2023-03-28 08:26:03", "message": "error error"}
{"datetime": "2023-02-21 08:26:03", "message": "connection client error process database"}
{"datetime": "2023-07-02 08:26:03", "message": "client user error"}
{"datetime": "2023-06-25 08:26:03", "message": "server client connection"}
{"datetime": "2023-11-28 08:26:03", "message": "client client"}
{"datetime": "2023-01-22 08:26:03", "message": "server server"}
{"datetime": "2023-09-27 08:26:03", "message": "client update process"}
{"datetime": "2023-09-27 08:26:03", "message": "server database"}
{"datetime": "2023-04-06 08:26:03", "message": "error update client client client"}
{"datetime": "2023-05-27 08:26:03", "message": "update timeout error server"}
{"datetime": "2023-11-04 08:26:03", "message": "process user server process process"}
{"datetime": "2023-07-14 08:26:03", "message": "update timeout"}
{"datetime": "2023-07-01 08:26:03", "message": "connection user error error"}
{"datetime": "2023-10-25 08:26:03", "message": "connection user"}
{"datetime": "2023-08-10 08:26:03", "message": "success database client database"}
{"datetime": "2023-12-24 08:26:03", "message": "connection server timeout"}
{"datetime": "2023-12-01 08:26:03", "message": "database error process database"}
{"datetime": "2023-09-25 08:26:03", "message": "timeout update error timeout"}
{"datetime": "2023-12-16 08:26:03", "message": "update user database"}
{"datetime": "2023-04-08 08:26:03", "message": "error user process client success"}
{"datetime": "2023-07-15 08:26:03", "message": "timeout server connection server"}
{"datetime": "2023-05-18 08:26:03", "message": "database client process update update"}
{"datetime": "2023-09-05 08:26:03", "message": "database process"}
{"datetime": "2023-02-21 08:26:03", "message": "user user client timeout user"}
{"datetime": "2023-06-21 08:26:03", "message": "user process process"}
{"datetime": "2023-10-31 08:26:03", "message": "success update"}
{"datetime": "2023-11-10 08:26:03", "message": "connection database success"}
{"datetime": "2023-01-24 08:26:03", "message": "server timeout server"}
{"datetime": "2023-09-07 08:26:03", "message": "connection database"}
{"datetime": "2023-06-29 08:26:03", "message": "update user process"}
{"datetime": "2023-05-22 08:26:03", "message": "timeout connection timeout"}
{"datetime": "2023-10-09 08:26:03", "message": "process update server"}
{"datetime": "2023-09-09 08:26:03", "message": "error database update database update"}
{"datetime": "2023-04-28 08:26:03", "message": "success database connection"}
{"datetime": "2023-03-30 08:26:03", "message": "connection connection"}
{"datetime": "2023-01-02 08:26:03", "message": "client user success"}
{"datetime": "2023-07-21 08:26:03", "message": "server process client timeout update"}
{"datetime": "2023-01-21 08:26:03", "message": "error client update update connection"}
{"datetime": "2023-04-14 08:26:03", "message": "user user server"}
{"datetime": "2023-03-05 08:26:03", "message": "update timeout"}
{"datetime": "2023-06-17 08:26:03", "message": "user server user"}
{"datetime": "2023-01-16 08:26:03", "message": "error database"}
{"datetime": "2023-09-05 08:26:03", "message": "process update server"}
{"datetime": "2023-05-25 08:26:03", "message": "update update user"}
{"datetime": "2023-03-09 08:26:03", "message": "client success"}
{"datetime": "2023-04-14 08:26:03", "message": "server update database error"}
{"datetime": "2023-06-07 08:26:03", "message": "success process success user update"}
{"datetime": "2023-04-28 08:26:03", "message": "client user update error"}
{"datetime": "2023-08-30 08:26:03", "message": "database process process"}
{"datetime": "2023-05-04 08:26:03", "message": "error server"}
{"datetime": "2023-02-09 08:26:03", "message": "update process"}
{"datetime": "2023-12-14 08:26:03", "message": "error timeout server user"}
{"datetime": "2023-01-20 08:26:03", "message": "timeout database update"}
{"datetime": "2023-04-22 08:26:03", "message": "success process server timeout timeout"}
{"datetime": "2023-04-05 08:26:03", "message": "database error timeout success timeout"}
{"datetime": "2023-07-27 08:26:03", "message": "server error database"}
{"datetime": "2023-06-19 08:26:03", "message": "error server server"}
{"datetime": "2023-07-18 08:26:03", "message": "timeout connection"}
{"datetime": "2023-05-16 08:26:03", "message": "process success error"}
{"datetime": "2023-08-18 08:26:03", "message": "database process database"}
{"datetime": "2023-04-19 08:26:03", "message": "database user server connection success"}
{"datetime": "2023-12-30 08:26:03", "message": "error server user success timeout"}
{"datetime": "2023-11-15 08:26:03", "message": "client success connection database connection"}
{"datetime": "2023-11-01 08:26:03", "message": "process timeout"}
{"datetime": "2023-12-15 08:26:03", "message": "server error success database user"}
{"datetime": "2023-11-15 08:26:03", "message": "client process update"}
{"datetime": "2023-09-15 08:26:03", "message": "success update update timeout"}
{"datetime": "2023-12-05 08:26:03", "message": "process success"}
{"datetime": "2023-10-11 08:26:03", "message": "connection timeout server"}
{"datetime": "2023-03-15 08:26:03", "message": "success connection"}
{"datetime": "2023-12-27 08:26:03", "message": "client server"}
{"datetime": "2023-08-29 08:26:03", "message": "user connection database error timeout"}
{"datetime": "2023-07-30 08:26:03", "message": "success server process connection"}
{"datetime": "2023-12-16 08:26:03", "message": "client database"}
{"datetime": "2023-02-13 08:26:03", "message": "update connection"}
{"datetime": "2023-11-04 08:26:03", "message": "timeout user"}
{"datetime": "2023-02-28 08:26:03", "message": "error update user"}
{"datetime": "2023-11-25 08:26:03", "message": "connection error update"}
{"datetime": "2023-05-11 08:26:03", "message": "server error process user timeout"}
{"datetime": "2023-06-02 08:26:03", "message": "server connection connection error"}
{"datetime": "2023-12-02 08:26:03", "message": "user success success update"}
{"datetime": "2023-09-19 08:26:03", "message": "user client server connection"}
{"datetime": "2023-07-25 08:26:03", "message": "update process error user"}
{"datetime": "2023-01-19 08:26:03", "message": "connection success error process success"}
{"datetime": "2023-02-19 08:26:03", "message": "timeout database server client connection"}
{"datetime": "2023-11-04 08:26:03", "message": "success user connection client"}
{"datetime": "2023-10-14 08:26:03", "message": "timeout server server timeout"}
{"datetime": "2023-01-02 08:26:03", "message": "user client user"}
{"datetime": "2023-06-11 08:26:03", "message": "error database"}
{"datetime": "2023-07-18 08:26:03", "message": "process process user error"}
{"datetime": "2023-08-28 08:26:03", "message": "database update"}
{"datetime": "2023-03-06 08:26:03", "message": "connection database"}
{"datetime": "2023-05-02 08:26:03", "message": "server user"}
{"datetime": "2023-06-15 08:26:03", "message": "process connection process connection connection"}
{"datetime": "2023-11-13 08:26:03", "message": "update update database"}
{"datetime": "2023-08-26 08:26:03", "message": "update update user"}
{"datetime": "2023-11-27 08:26:03", "message": "connection database client update"}
{"datetime": "2023-01-11 08:26:03", "message": "user client connection update"}
{"datetime": "2023-10-17 08:26:03", "message": "server update"}
{"datetime": "2023-04-29 08:26:03", "message": "process timeout connection timeout"}
{"datetime": "2023-02-22 08:26:03", "message": "connection client error success"}
{"datetime": "2023-02-23 08:26:03", "message": "database connection process connection"}
{"datetime": "2023-01-15 08:26:03", "message": "server database"}
{"datetime": "2023-02-17 08:26:03", "message": "client process error timeout server"}
{"datetime": "2023-06-29 08:26:03", "message": "database server process"}
{"datetime": "2023-09-30 08:26:03", "message": "server database"}
{"datetime": "2023-04-25 08:26:03", "message": "error user database success success"}
{"datetime": "2023-11-20 08:26:03", "message": "error update database"}
{"datetime": "2023-01-12 08:26:03", "message": "server process"}
{"datetime": "2023-11-13 08:26:03", "message": "process server client"}
{"datetime": "2023-06-08 08:26:03", "message": "database update server error"}
{"datetime": "2023-09-28 08:26:03", "message": "user database client user client"}
{"datetime": "2023-04-24 08:26:03", "message": "process update error client user"}
{"datetime": "2023-05-05 08:26:03", "message": "user process success"}
{"datetime": "2023-11-03 08:26:03", "message": "client success success server"}
{"datetime": "2023-12-13 08:26:03", "message": "process error client database update"}
{"datetime": "2023-05-11 08:26:03", "message": "timeout database database process"}
{"datetime": "2023-04-22 08:26:03", "message": "success user connection user"}
{"datetime": "2023-10-20 08:26:03", "message": "database server server"}
{"datetime": "2023-02-01 08:26:03", "message": "user error client"}
{"datetime": "2023-08-23 08:26:03", "message": "error client"}
{"datetime": "2023-05-03 08:26:03", "message": "success client"}
{"datetime": "2023-11-11 08:26:03", "message": "server error error process client"}
{"datetime": "2023-10-05 08:26:03", "message": "update update server success connection"}
{"datetime": "2023-06-05 08:26:03", "message": "database user database"}
{"datetime": "2023-06-15 08:26:03", "message": "connection error connection"}